// Jest Snapshot v1, https://goo.gl/fbAQLP

exports[`RoomConfig should render correctly in "debug" mode 1`] = `
<div
  className="jsx-1890337735 room-container active"
>
  <h2
    className="jsx-1890337735"
  >
    Room 
    1
  </h2>
  <div
    className="jsx-1890337735 room"
  >
    <div
      className="jsx-1890337735 dropdown-container"
    >
      <h3
        className="jsx-1890337735"
      >
        Adults
        <br
          className="jsx-1890337735"
        />
        (18+)
      </h3>
      <select
        className="jsx-1890337735"
        disabled={false}
        onChange={[Function]}
        value={1}
      >
        <option
          className="jsx-1890337735"
          value="1"
        >
          1
        </option>
        <option
          className="jsx-1890337735"
          value="2"
        >
          2
        </option>
      </select>
    </div>
    <div
      className="jsx-1890337735 dropdown-container"
    >
      <h3
        className="jsx-1890337735"
      >
        Children
        <br
          className="jsx-1890337735"
        />
        (0-17)
      </h3>
      <select
        className="jsx-1890337735"
        disabled={false}
        onChange={[Function]}
        value={0}
      >
        <option
          className="jsx-1890337735"
          value="0"
        >
          0
        </option>
        <option
          className="jsx-1890337735"
          value="1"
        >
          1
        </option>
        <option
          className="jsx-1890337735"
          value="2"
        >
          2
        </option>
      </select>
    </div>
  </div>
  <JSXStyle
    id="1890337735"
  >
    body{margin:0;font-family:-apple-system,BlinkMacSystemFont,Avenir Next,Avenir, Helvetica,sans-serif;}.room-container.jsx-1890337735{display:-webkit-box;display:-webkit-flex;display:-ms-flexbox;display:flex;-webkit-flex-direction:column;-ms-flex-direction:column;flex-direction:column;width:200px;margin:20px;background:lightgray;border-radius:5px;border:2px solid black;padding:10px;box-shadow:2px 1px 2px 1px rgba(120,120,120,0.2);}.inactive.jsx-1890337735{background:#aaa;border-color:gray;}.active.jsx-1890337735 .room.jsx-1890337735{background:white;}.inactive.jsx-1890337735 .room.jsx-1890337735{background:transparent;}.room.jsx-1890337735{padding:20px;display:-webkit-box;display:-webkit-flex;display:-ms-flexbox;display:flex;-webkit-box-pack:space-around;-webkit-justify-content:space-around;-ms-flex-pack:space-around;justify-content:space-around;border-radius:5px;}h3.jsx-1890337735{margin:0.5rem 0px;}input[type='checkbox'].jsx-1890337735{-webkit-appearance:none;width:20px;height:20px;margin:0px 4px 0px 0px;background:white;border-radius:5px;border:2px solid #555;}input[type='checkbox'].jsx-1890337735:checked{background:#a5eca1;}input[type='checkbox'].jsx-1890337735:hover{cursor:pointer;}input[type='checkbox'].jsx-1890337735:focus{outline:none;}
  </JSXStyle>
</div>
`;
